Boards[0] = 
 __ __ __ __ __ 
|X_|__|__|__|__|
|__|__|__|__|__|
|__|__|__|__|__|
|__|__|__|__|__|
|__|__|__|__|__|

Boards[1] = 
 __ __ __ __ __ 
|X_|X_|X_|__|__|
|X_|__|X_|__|__|
|X_|X_|X_|__|__|
|__|__|__|__|__|
|__|__|__|__|__|

Boards[2] = 
 __ __ __ __ __ 
|X_|X_|X_|X_|X_|
|X_|__|__|__|X_|
|X_|__|__|__|X_|
|X_|__|__|__|X_|
|X_|X_|X_|X_|X_|

Boards[3] = 
 __ __ __ __ __ __ __ __ 
|X_|X_|X_|X_|X_|X_|X_|X_|
|X_|X_|X_|X_|X_|X_|X_|X_|
|X_|__|__|__|__|__|X_|X_|
|X_|__|__|__|__|__|X_|X_|
|X_|__|__|__|__|__|X_|X_|
|X_|__|__|__|__|__|X_|X_|
|X_|__|__|__|__|__|X_|X_|
|X_|X_|X_|X_|X_|X_|X_|X_|

