[0, 0] => DISCONNECTED => []
SELF => [[0,0]]
NEIGHBOUR => []
COPARENT => []
 
[0, 1] => DISCONNECTED => []
SELF => [[0,0]]
NEIGHBOUR => [[0,-1], [0,1]]
COPARENT => []
 
[0, 2] => DISCONNECTED => []
SELF => [[0,0]]
NEIGHBOUR => [[0,-1], [0,1]]
COPARENT => [[0,-2], [0,2]]
 
[0, 3] => DISCONNECTED => [[0,-3], [0,3]]
SELF => [[0,0]]
NEIGHBOUR => [[0,-1], [0,1]]
COPARENT => [[0,-2], [0,2]]
 
[1, 0] => DISCONNECTED => []
SELF => [[0,0]]
NEIGHBOUR => [[-1,0], [1,0]]
COPARENT => []
 
[1, 1] => DISCONNECTED => []
SELF => [[0,0]]
NEIGHBOUR => [[-1,-1], [-1,0], [-1,1], [0,-1], [0,1], [1,-1], [1,0], [1,1]]
COPARENT => []
 
[1, 2] => DISCONNECTED => []
SELF => [[0,0]]
NEIGHBOUR => [[-1,-1], [-1,0], [-1,1], [0,-1], [0,1], [1,-1], [1,0], [1,1]]
COPARENT => [[-1,-2], [-1,2], [0,-2], [0,2], [1,-2], [1,2]]
 
[1, 3] => DISCONNECTED => [[-1,-3], [-1,3], [0,-3], [0,3], [1,-3], [1,3]]
SELF => [[0,0]]
NEIGHBOUR => [[-1,-1], [-1,0], [-1,1], [0,-1], [0,1], [1,-1], [1,0], [1,1]]
COPARENT => [[-1,-2], [-1,2], [0,-2], [0,2], [1,-2], [1,2]]
 
[2, 0] => DISCONNECTED => []
SELF => [[0,0]]
NEIGHBOUR => [[-1,0], [1,0]]
COPARENT => [[-2,0], [2,0]]
 
[2, 1] => DISCONNECTED => []
SELF => [[0,0]]
NEIGHBOUR => [[-1,-1], [-1,0], [-1,1], [0,-1], [0,1], [1,-1], [1,0], [1,1]]
COPARENT => [[-2,-1], [-2,0], [-2,1], [2,-1], [2,0], [2,1]]
 
[2, 2] => DISCONNECTED => []
SELF => [[0,0]]
NEIGHBOUR => [[-1,-1], [-1,0], [-1,1], [0,-1], [0,1], [1,-1], [1,0], [1,1]]
COPARENT => [[-2,-2], [-2,-1], [-2,0], [-2,1], [-2,2], [-1,-2], [-1,2], [0,-2], [0,2], [1,-2], [1,2], [2,-2], [2,-1], [2,0], [2,1], [2,2]]
 
[2, 3] => DISCONNECTED => [[-2,-3], [-2,3], [-1,-3], [-1,3], [0,-3], [0,3], [1,-3], [1,3], [2,-3], [2,3]]
SELF => [[0,0]]
NEIGHBOUR => [[-1,-1], [-1,0], [-1,1], [0,-1], [0,1], [1,-1], [1,0], [1,1]]
COPARENT => [[-2,-2], [-2,-1], [-2,0], [-2,1], [-2,2], [-1,-2], [-1,2], [0,-2], [0,2], [1,-2], [1,2], [2,-2], [2,-1], [2,0], [2,1], [2,2]]
 
[3, 0] => DISCONNECTED => [[-3,0], [3,0]]
SELF => [[0,0]]
NEIGHBOUR => [[-1,0], [1,0]]
COPARENT => [[-2,0], [2,0]]
 
[3, 1] => DISCONNECTED => [[-3,-1], [-3,0], [-3,1], [3,-1], [3,0], [3,1]]
SELF => [[0,0]]
NEIGHBOUR => [[-1,-1], [-1,0], [-1,1], [0,-1], [0,1], [1,-1], [1,0], [1,1]]
COPARENT => [[-2,-1], [-2,0], [-2,1], [2,-1], [2,0], [2,1]]
 
[3, 2] => DISCONNECTED => [[-3,-2], [-3,-1], [-3,0], [-3,1], [-3,2], [3,-2], [3,-1], [3,0], [3,1], [3,2]]
SELF => [[0,0]]
NEIGHBOUR => [[-1,-1], [-1,0], [-1,1], [0,-1], [0,1], [1,-1], [1,0], [1,1]]
COPARENT => [[-2,-2], [-2,-1], [-2,0], [-2,1], [-2,2], [-1,-2], [-1,2], [0,-2], [0,2], [1,-2], [1,2], [2,-2], [2,-1], [2,0], [2,1], [2,2]]
 
[3, 3] => DISCONNECTED => [[-3,-3], [-3,-2], [-3,-1], [-3,0], [-3,1], [-3,2], [-3,3], [-2,-3], [-2,3], [-1,-3], [-1,3], [0,-3], [0,3], [1,-3], [1,3], [2,-3], [2,3], [3,-3], [3,-2], [3,-1], [3,0], [3,1], [3,2], [3,3]]
SELF => [[0,0]]
NEIGHBOUR => [[-1,-1], [-1,0], [-1,1], [0,-1], [0,1], [1,-1], [1,0], [1,1]]
COPARENT => [[-2,-2], [-2,-1], [-2,0], [-2,1], [-2,2], [-1,-2], [-1,2], [0,-2], [0,2], [1,-2], [1,2], [2,-2], [2,-1], [2,0], [2,1], [2,2]]
 
