[00] = (0,0):
X    
     
     
     
     

[01] = (0,1):
 X   
     
     
     
     

[02] = (0,2):
  X  
     
     
     
     

[03] = (0,3):
   X 
     
     
     
     

[04] = (0,4):
    X
     
     
     
     

[05] = (1,0):
     
X    
     
     
     

[06] = (1,1):
     
 X   
     
     
     

[07] = (1,2):
     
  X  
     
     
     

[08] = (1,3):
     
   X 
     
     
     

[09] = (1,4):
     
    X
     
     
     

[10] = (2,0):
     
     
X    
     
     

[11] = (2,1):
     
     
 X   
     
     

[12] = (2,2):
     
     
  X  
     
     

[13] = (2,3):
     
     
   X 
     
     

[14] = (2,4):
     
     
    X
     
     

[15] = (3,0):
     
     
     
X    
     

[16] = (3,1):
     
     
     
 X   
     

[17] = (3,2):
     
     
     
  X  
     

[18] = (3,3):
     
     
     
   X 
     

[19] = (3,4):
     
     
     
    X
     

[20] = (4,0):
     
     
     
     
X    

[21] = (4,1):
     
     
     
     
 X   

[22] = (4,2):
     
     
     
     
  X  

[23] = (4,3):
     
     
     
     
   X 

[24] = (4,4):
     
     
     
     
    X

