[-3, -3] => 
   __ __ __ __ __ __ __ 
 3|__|__|__|__|__|__|X_|
 2|__|__|__|__|__|__|__|
 1|__|__|__|__|__|__|__|
 0|__|__|__|__|__|__|__|
-1|__|__|__|__|__|__|__|
-2|__|__|__|__|__|__|__|
-3|X_|__|__|__|__|__|__|
 
[-3, -2] => 
   __ __ __ __ __ __ __ 
 3|__|__|__|__|__|__|X_|
 2|__|__|__|__|__|__|__|
 1|__|__|__|__|__|__|__|
 0|__|__|__|__|__|__|__|
-1|__|__|__|__|__|__|__|
-2|X_|__|__|__|__|__|__|
 
[-3, -1] => 
   __ __ __ __ __ __ __ 
 3|__|__|__|__|__|__|X_|
 2|__|__|__|__|__|__|__|
 1|__|__|__|__|__|__|__|
 0|__|__|__|__|__|__|__|
-1|X_|__|__|__|__|__|__|
 
[-3, 0] => 
   __ __ __ __ __ __ __ 
 3|__|__|__|__|__|__|X_|
 2|__|__|__|__|__|__|__|
 1|__|__|__|__|__|__|__|
 0|X_|__|__|__|__|__|__|
-1|__|__|__|__|__|__|__|
 
[-3, 1] => 
   __ __ __ __ __ __ __ 
 3|__|__|__|__|__|__|X_|
 2|__|__|__|__|__|__|__|
 1|X_|__|__|__|__|__|__|
 0|__|__|__|__|__|__|__|
-1|__|__|__|__|__|__|__|
 
[-3, 2] => 
   __ __ __ __ __ __ __ 
 3|__|__|__|__|__|__|X_|
 2|X_|__|__|__|__|__|__|
 1|__|__|__|__|__|__|__|
 0|__|__|__|__|__|__|__|
-1|__|__|__|__|__|__|__|
 
[-3, 3] => 
   __ __ __ __ __ __ __ 
 3|X_|__|__|__|__|__|X_|
 2|__|__|__|__|__|__|__|
 1|__|__|__|__|__|__|__|
 0|__|__|__|__|__|__|__|
-1|__|__|__|__|__|__|__|
 
[-2, -3] => 
   __ __ __ __ __ __ 
 3|__|__|__|__|__|X_|
 2|__|__|__|__|__|__|
 1|__|__|__|__|__|__|
 0|__|__|__|__|__|__|
-1|__|__|__|__|__|__|
-2|__|__|__|__|__|__|
-3|X_|__|__|__|__|__|
 
[-2, -2] => 
   __ __ __ __ __ __ 
 3|__|__|__|__|__|X_|
 2|__|__|__|__|__|__|
 1|__|__|__|__|__|__|
 0|__|__|__|__|__|__|
-1|__|__|__|__|__|__|
-2|X_|__|__|__|__|__|
 
[-2, -1] => 
   __ __ __ __ __ __ 
 3|__|__|__|__|__|X_|
 2|__|__|__|__|__|__|
 1|__|__|__|__|__|__|
 0|__|__|__|__|__|__|
-1|X_|__|__|__|__|__|
 
[-2, 0] => 
   __ __ __ __ __ __ 
 3|__|__|__|__|__|X_|
 2|__|__|__|__|__|__|
 1|__|__|__|__|__|__|
 0|X_|__|__|__|__|__|
-1|__|__|__|__|__|__|
 
[-2, 1] => 
   __ __ __ __ __ __ 
 3|__|__|__|__|__|X_|
 2|__|__|__|__|__|__|
 1|X_|__|__|__|__|__|
 0|__|__|__|__|__|__|
-1|__|__|__|__|__|__|
 
[-2, 2] => 
   __ __ __ __ __ __ 
 3|__|__|__|__|__|X_|
 2|X_|__|__|__|__|__|
 1|__|__|__|__|__|__|
 0|__|__|__|__|__|__|
-1|__|__|__|__|__|__|
 
[-2, 3] => 
   __ __ __ __ __ __ 
 3|X_|__|__|__|__|X_|
 2|__|__|__|__|__|__|
 1|__|__|__|__|__|__|
 0|__|__|__|__|__|__|
-1|__|__|__|__|__|__|
 
[-1, -3] => 
   __ __ __ __ __ 
 3|__|__|__|__|X_|
 2|__|__|__|__|__|
 1|__|__|__|__|__|
 0|__|__|__|__|__|
-1|__|__|__|__|__|
-2|__|__|__|__|__|
-3|X_|__|__|__|__|
 
[-1, -2] => 
   __ __ __ __ __ 
 3|__|__|__|__|X_|
 2|__|__|__|__|__|
 1|__|__|__|__|__|
 0|__|__|__|__|__|
-1|__|__|__|__|__|
-2|X_|__|__|__|__|
 
[-1, -1] => 
   __ __ __ __ __ 
 3|__|__|__|__|X_|
 2|__|__|__|__|__|
 1|__|__|__|__|__|
 0|__|__|__|__|__|
-1|X_|__|__|__|__|
 
[-1, 0] => 
   __ __ __ __ __ 
 3|__|__|__|__|X_|
 2|__|__|__|__|__|
 1|__|__|__|__|__|
 0|X_|__|__|__|__|
-1|__|__|__|__|__|
 
[-1, 1] => 
   __ __ __ __ __ 
 3|__|__|__|__|X_|
 2|__|__|__|__|__|
 1|X_|__|__|__|__|
 0|__|__|__|__|__|
-1|__|__|__|__|__|
 
[-1, 2] => 
   __ __ __ __ __ 
 3|__|__|__|__|X_|
 2|X_|__|__|__|__|
 1|__|__|__|__|__|
 0|__|__|__|__|__|
-1|__|__|__|__|__|
 
[-1, 3] => 
   __ __ __ __ __ 
 3|X_|__|__|__|X_|
 2|__|__|__|__|__|
 1|__|__|__|__|__|
 0|__|__|__|__|__|
-1|__|__|__|__|__|
 
[0, -3] => 
   __ __ __ __ __ 
 3|__|__|__|X_|__|
 2|__|__|__|__|__|
 1|__|__|__|__|__|
 0|__|__|__|__|__|
-1|__|__|__|__|__|
-2|__|__|__|__|__|
-3|X_|__|__|__|__|
 
[0, -2] => 
   __ __ __ __ __ 
 3|__|__|__|X_|__|
 2|__|__|__|__|__|
 1|__|__|__|__|__|
 0|__|__|__|__|__|
-1|__|__|__|__|__|
-2|X_|__|__|__|__|
 
[0, -1] => 
   __ __ __ __ __ 
 3|__|__|__|X_|__|
 2|__|__|__|__|__|
 1|__|__|__|__|__|
 0|__|__|__|__|__|
-1|X_|__|__|__|__|
 
[0, 0] => 
   __ __ __ __ __ 
 3|__|__|__|X_|__|
 2|__|__|__|__|__|
 1|__|__|__|__|__|
 0|X_|__|__|__|__|
-1|__|__|__|__|__|
 
[0, 1] => 
   __ __ __ __ __ 
 3|__|__|__|X_|__|
 2|__|__|__|__|__|
 1|X_|__|__|__|__|
 0|__|__|__|__|__|
-1|__|__|__|__|__|
 
[0, 2] => 
   __ __ __ __ __ 
 3|__|__|__|X_|__|
 2|X_|__|__|__|__|
 1|__|__|__|__|__|
 0|__|__|__|__|__|
-1|__|__|__|__|__|
 
[0, 3] => 
   __ __ __ __ __ 
 3|X_|__|__|X_|__|
 2|__|__|__|__|__|
 1|__|__|__|__|__|
 0|__|__|__|__|__|
-1|__|__|__|__|__|
 
[1, -3] => 
   __ __ __ __ __ 
 3|__|__|X_|__|__|
 2|__|__|__|__|__|
 1|__|__|__|__|__|
 0|__|__|__|__|__|
-1|__|__|__|__|__|
-2|__|__|__|__|__|
-3|X_|__|__|__|__|
 
[1, -2] => 
   __ __ __ __ __ 
 3|__|__|X_|__|__|
 2|__|__|__|__|__|
 1|__|__|__|__|__|
 0|__|__|__|__|__|
-1|__|__|__|__|__|
-2|X_|__|__|__|__|
 
[1, -1] => 
   __ __ __ __ __ 
 3|__|__|X_|__|__|
 2|__|__|__|__|__|
 1|__|__|__|__|__|
 0|__|__|__|__|__|
-1|X_|__|__|__|__|
 
[1, 0] => 
   __ __ __ __ __ 
 3|__|__|X_|__|__|
 2|__|__|__|__|__|
 1|__|__|__|__|__|
 0|X_|__|__|__|__|
-1|__|__|__|__|__|
 
[1, 1] => 
   __ __ __ __ __ 
 3|__|__|X_|__|__|
 2|__|__|__|__|__|
 1|X_|__|__|__|__|
 0|__|__|__|__|__|
-1|__|__|__|__|__|
 
[1, 2] => 
   __ __ __ __ __ 
 3|__|__|X_|__|__|
 2|X_|__|__|__|__|
 1|__|__|__|__|__|
 0|__|__|__|__|__|
-1|__|__|__|__|__|
 
[1, 3] => 
   __ __ __ __ __ 
 3|X_|__|X_|__|__|
 2|__|__|__|__|__|
 1|__|__|__|__|__|
 0|__|__|__|__|__|
-1|__|__|__|__|__|
 
[2, -3] => 
   __ __ __ __ __ 
 3|__|X_|__|__|__|
 2|__|__|__|__|__|
 1|__|__|__|__|__|
 0|__|__|__|__|__|
-1|__|__|__|__|__|
-2|__|__|__|__|__|
-3|X_|__|__|__|__|
 
[2, -2] => 
   __ __ __ __ __ 
 3|__|X_|__|__|__|
 2|__|__|__|__|__|
 1|__|__|__|__|__|
 0|__|__|__|__|__|
-1|__|__|__|__|__|
-2|X_|__|__|__|__|
 
[2, -1] => 
   __ __ __ __ __ 
 3|__|X_|__|__|__|
 2|__|__|__|__|__|
 1|__|__|__|__|__|
 0|__|__|__|__|__|
-1|X_|__|__|__|__|
 
[2, 0] => 
   __ __ __ __ __ 
 3|__|X_|__|__|__|
 2|__|__|__|__|__|
 1|__|__|__|__|__|
 0|X_|__|__|__|__|
-1|__|__|__|__|__|
 
[2, 1] => 
   __ __ __ __ __ 
 3|__|X_|__|__|__|
 2|__|__|__|__|__|
 1|X_|__|__|__|__|
 0|__|__|__|__|__|
-1|__|__|__|__|__|
 
[2, 2] => 
   __ __ __ __ __ 
 3|__|X_|__|__|__|
 2|X_|__|__|__|__|
 1|__|__|__|__|__|
 0|__|__|__|__|__|
-1|__|__|__|__|__|
 
[2, 3] => 
   __ __ __ __ __ 
 3|X_|X_|__|__|__|
 2|__|__|__|__|__|
 1|__|__|__|__|__|
 0|__|__|__|__|__|
-1|__|__|__|__|__|
 
[3, -3] => 
   __ __ __ __ __ 
 3|X_|__|__|__|__|
 2|__|__|__|__|__|
 1|__|__|__|__|__|
 0|__|__|__|__|__|
-1|__|__|__|__|__|
-2|__|__|__|__|__|
-3|X_|__|__|__|__|
 
[3, -2] => 
   __ __ __ __ __ 
 3|X_|__|__|__|__|
 2|__|__|__|__|__|
 1|__|__|__|__|__|
 0|__|__|__|__|__|
-1|__|__|__|__|__|
-2|X_|__|__|__|__|
 
[3, -1] => 
   __ __ __ __ __ 
 3|X_|__|__|__|__|
 2|__|__|__|__|__|
 1|__|__|__|__|__|
 0|__|__|__|__|__|
-1|X_|__|__|__|__|
 
[3, 0] => 
   __ __ __ __ __ 
 3|X_|__|__|__|__|
 2|__|__|__|__|__|
 1|__|__|__|__|__|
 0|X_|__|__|__|__|
-1|__|__|__|__|__|
 
[3, 1] => 
   __ __ __ __ __ 
 3|X_|__|__|__|__|
 2|__|__|__|__|__|
 1|X_|__|__|__|__|
 0|__|__|__|__|__|
-1|__|__|__|__|__|
 
[3, 2] => 
   __ __ __ __ __ 
 3|X_|__|__|__|__|
 2|X_|__|__|__|__|
 1|__|__|__|__|__|
 0|__|__|__|__|__|
-1|__|__|__|__|__|
 
[3, 3] => 
   __ __ __ __ __ 
 3|X_|__|__|__|__|
 2|__|__|__|__|__|
 1|__|__|__|__|__|
 0|__|__|__|__|__|
-1|__|__|__|__|__|
 
