
     -100 -99 -98 -97 -96 
-120|X_|__|__|__|__|
-121|__|__|__|__|__|
-122|__|__|__|__|__|
-123|__|__|__|__|__|
-124|__|__|__|__|__|
