[-3, -3] => 
 __ __ __ __ __ 
|X_|__|__|__|__|
|__|__|__|__|__|
|__|__|__|__|__|
|__|__|__|__|__|
|__|__|__|__|__|
 
[-3, -2] => 
 __ __ __ __ __ 
|X_|__|__|__|__|
|__|__|__|__|__|
|__|__|__|__|__|
|__|__|__|__|__|
|__|__|__|__|__|
 
[-3, -1] => 
 __ __ __ __ __ 
|X_|__|__|__|__|
|__|__|__|__|__|
|__|__|__|__|__|
|__|__|__|__|__|
|__|__|__|__|__|
 
[-3, 0] => 
 __ __ __ __ __ 
|X_|__|__|__|__|
|__|__|__|__|__|
|__|__|__|__|__|
|__|__|__|__|__|
|__|__|__|__|__|
 
[-3, 1] => 
 __ __ __ __ __ 
|X_|__|__|__|__|
|__|__|__|__|__|
|__|__|__|__|__|
|__|__|__|__|__|
|__|__|__|__|__|
 
[-3, 2] => 
 __ __ __ __ __ 
|X_|__|__|__|__|
|__|__|__|__|__|
|__|__|__|__|__|
|__|__|__|__|__|
|__|__|__|__|__|
 
[-3, 3] => 
 __ __ __ __ __ 
|X_|__|__|__|__|
|__|__|__|__|__|
|__|__|__|__|__|
|__|__|__|__|__|
|__|__|__|__|__|
 
[-2, -3] => 
 __ __ __ __ __ 
|X_|__|__|__|__|
|__|__|__|__|__|
|__|__|__|__|__|
|__|__|__|__|__|
|__|__|__|__|__|
 
[-2, -2] => 
 __ __ __ __ __ 
|X_|__|__|__|__|
|__|__|__|__|__|
|__|__|__|__|__|
|__|__|__|__|__|
|__|__|__|__|__|
 
[-2, -1] => 
 __ __ __ __ __ 
|X_|__|__|__|__|
|__|__|__|__|__|
|__|__|__|__|__|
|__|__|__|__|__|
|__|__|__|__|__|
 
[-2, 0] => 
 __ __ __ __ __ 
|X_|__|__|__|__|
|__|__|__|__|__|
|__|__|__|__|__|
|__|__|__|__|__|
|__|__|__|__|__|
 
[-2, 1] => 
 __ __ __ __ __ 
|X_|__|__|__|__|
|__|__|__|__|__|
|__|__|__|__|__|
|__|__|__|__|__|
|__|__|__|__|__|
 
[-2, 2] => 
 __ __ __ __ __ 
|X_|__|__|__|__|
|__|__|__|__|__|
|__|__|__|__|__|
|__|__|__|__|__|
|__|__|__|__|__|
 
[-2, 3] => 
 __ __ __ __ __ 
|X_|__|__|__|__|
|__|__|__|__|__|
|__|__|__|__|__|
|__|__|__|__|__|
|__|__|__|__|__|
 
[-1, -3] => 
 __ __ __ __ __ 
|X_|__|__|__|__|
|__|__|__|__|__|
|__|__|__|__|__|
|__|__|__|__|__|
|__|__|__|__|__|
 
[-1, -2] => 
 __ __ __ __ __ 
|X_|__|__|__|__|
|__|__|__|__|__|
|__|__|__|__|__|
|__|__|__|__|__|
|__|__|__|__|__|
 
[-1, -1] => 
 __ __ __ __ __ 
|X_|__|__|__|__|
|__|__|__|__|__|
|__|__|__|__|__|
|__|__|__|__|__|
|__|__|__|__|__|
 
[-1, 0] => 
 __ __ __ __ __ 
|X_|__|__|__|__|
|__|__|__|__|__|
|__|__|__|__|__|
|__|__|__|__|__|
|__|__|__|__|__|
 
[-1, 1] => 
 __ __ __ __ __ 
|X_|__|__|__|__|
|__|__|__|__|__|
|__|__|__|__|__|
|__|__|__|__|__|
|__|__|__|__|__|
 
[-1, 2] => 
 __ __ __ __ __ 
|X_|__|__|__|__|
|__|__|__|__|__|
|__|__|__|__|__|
|__|__|__|__|__|
|__|__|__|__|__|
 
[-1, 3] => 
 __ __ __ __ __ 
|X_|__|__|__|__|
|__|__|__|__|__|
|__|__|__|__|__|
|__|__|__|__|__|
|__|__|__|__|__|
 
[0, -3] => 
 __ __ __ __ __ 
|X_|__|__|__|__|
|__|__|__|__|__|
|__|__|__|__|__|
|__|__|__|__|__|
|__|__|__|__|__|
 
[0, -2] => 
 __ __ __ __ __ 
|X_|__|__|__|__|
|__|__|__|__|__|
|__|__|__|__|__|
|__|__|__|__|__|
|__|__|__|__|__|
 
[0, -1] => 
 __ __ __ __ __ 
|X_|__|__|__|__|
|__|__|__|__|__|
|__|__|__|__|__|
|__|__|__|__|__|
|__|__|__|__|__|
 
[0, 0] => 
 __ __ __ __ __ 
|X_|__|__|__|__|
|__|__|__|__|__|
|__|__|__|__|__|
|__|__|__|__|__|
|__|__|__|__|__|
 
[0, 1] => 
 __ __ __ __ __ 
|X_|__|__|__|__|
|__|__|__|__|__|
|__|__|__|__|__|
|__|__|__|__|__|
|__|__|__|__|__|
 
[0, 2] => 
 __ __ __ __ __ 
|X_|__|__|__|__|
|__|__|__|__|__|
|__|__|__|__|__|
|__|__|__|__|__|
|__|__|__|__|__|
 
[0, 3] => 
 __ __ __ __ __ 
|X_|__|__|__|__|
|__|__|__|__|__|
|__|__|__|__|__|
|__|__|__|__|__|
|__|__|__|__|__|
 
[1, -3] => 
 __ __ __ __ __ 
|X_|__|__|__|__|
|__|__|__|__|__|
|__|__|__|__|__|
|__|__|__|__|__|
|__|__|__|__|__|
 
[1, -2] => 
 __ __ __ __ __ 
|X_|__|__|__|__|
|__|__|__|__|__|
|__|__|__|__|__|
|__|__|__|__|__|
|__|__|__|__|__|
 
[1, -1] => 
 __ __ __ __ __ 
|X_|__|__|__|__|
|__|__|__|__|__|
|__|__|__|__|__|
|__|__|__|__|__|
|__|__|__|__|__|
 
[1, 0] => 
 __ __ __ __ __ 
|X_|__|__|__|__|
|__|__|__|__|__|
|__|__|__|__|__|
|__|__|__|__|__|
|__|__|__|__|__|
 
[1, 1] => 
 __ __ __ __ __ 
|X_|__|__|__|__|
|__|__|__|__|__|
|__|__|__|__|__|
|__|__|__|__|__|
|__|__|__|__|__|
 
[1, 2] => 
 __ __ __ __ __ 
|X_|__|__|__|__|
|__|__|__|__|__|
|__|__|__|__|__|
|__|__|__|__|__|
|__|__|__|__|__|
 
[1, 3] => 
 __ __ __ __ __ 
|X_|__|__|__|__|
|__|__|__|__|__|
|__|__|__|__|__|
|__|__|__|__|__|
|__|__|__|__|__|
 
[2, -3] => 
 __ __ __ __ __ 
|X_|__|__|__|__|
|__|__|__|__|__|
|__|__|__|__|__|
|__|__|__|__|__|
|__|__|__|__|__|
 
[2, -2] => 
 __ __ __ __ __ 
|X_|__|__|__|__|
|__|__|__|__|__|
|__|__|__|__|__|
|__|__|__|__|__|
|__|__|__|__|__|
 
[2, -1] => 
 __ __ __ __ __ 
|X_|__|__|__|__|
|__|__|__|__|__|
|__|__|__|__|__|
|__|__|__|__|__|
|__|__|__|__|__|
 
[2, 0] => 
 __ __ __ __ __ 
|X_|__|__|__|__|
|__|__|__|__|__|
|__|__|__|__|__|
|__|__|__|__|__|
|__|__|__|__|__|
 
[2, 1] => 
 __ __ __ __ __ 
|X_|__|__|__|__|
|__|__|__|__|__|
|__|__|__|__|__|
|__|__|__|__|__|
|__|__|__|__|__|
 
[2, 2] => 
 __ __ __ __ __ 
|X_|__|__|__|__|
|__|__|__|__|__|
|__|__|__|__|__|
|__|__|__|__|__|
|__|__|__|__|__|
 
[2, 3] => 
 __ __ __ __ __ 
|X_|__|__|__|__|
|__|__|__|__|__|
|__|__|__|__|__|
|__|__|__|__|__|
|__|__|__|__|__|
 
[3, -3] => 
 __ __ __ __ __ 
|X_|__|__|__|__|
|__|__|__|__|__|
|__|__|__|__|__|
|__|__|__|__|__|
|__|__|__|__|__|
 
[3, -2] => 
 __ __ __ __ __ 
|X_|__|__|__|__|
|__|__|__|__|__|
|__|__|__|__|__|
|__|__|__|__|__|
|__|__|__|__|__|
 
[3, -1] => 
 __ __ __ __ __ 
|X_|__|__|__|__|
|__|__|__|__|__|
|__|__|__|__|__|
|__|__|__|__|__|
|__|__|__|__|__|
 
[3, 0] => 
 __ __ __ __ __ 
|X_|__|__|__|__|
|__|__|__|__|__|
|__|__|__|__|__|
|__|__|__|__|__|
|__|__|__|__|__|
 
[3, 1] => 
 __ __ __ __ __ 
|X_|__|__|__|__|
|__|__|__|__|__|
|__|__|__|__|__|
|__|__|__|__|__|
|__|__|__|__|__|
 
[3, 2] => 
 __ __ __ __ __ 
|X_|__|__|__|__|
|__|__|__|__|__|
|__|__|__|__|__|
|__|__|__|__|__|
|__|__|__|__|__|
 
[3, 3] => 
 __ __ __ __ __ 
|X_|__|__|__|__|
|__|__|__|__|__|
|__|__|__|__|__|
|__|__|__|__|__|
|__|__|__|__|__|
 
