Coordinates{xCoordinates=[ 2,  3,  4,  5,  6], yCoordinates=[ 9,  8,  7,  6,  5,  4], widestCoordinateString=2}
==CREATE HEADER==
[  ,   2,   3,   4,   5,   6,  
]