[   ,  2,   3,   4,   5,   6,  
,  9, |__, |__, |__, |__, |__, |
,  8, |__, |__, |__, |__, |__, |
,  7, |__, |__, |__, |__, |__, |
,  6, |__, |__, |__, |__, |__, |
,  5, |__, |__, |__, |__, |__, |
,  4, |__, |__, |__, |__, |__, |
]