COORDINATE:[000] = -9
COORDINATE:[001] = -8
COORDINATE:[002] = -7
COORDINATE:[003] = -6
COORDINATE:[004] = -5
COORDINATE:[005] = -4
COORDINATE:[006] = -3
COORDINATE:[007] = -2
COORDINATE:[008] = -1
COORDINATE:[009] =  0
COORDINATE:[010] =  1
COORDINATE:[011] =  2
COORDINATE:[012] =  3
COORDINATE:[013] =  4
COORDINATE:[014] =  5
COORDINATE:[015] =  6
COORDINATE:[016] =  7
COORDINATE:[017] =  8
COORDINATE:[018] =  9
COORDINATE:[019] = 10
COORDINATE:[020] = 11
COORDINATE:[021] = 12
COORDINATE:[022] = 13
COORDINATE:[023] = 14
COORDINATE:[024] = 15
COORDINATE:[025] = 16
COORDINATE:[026] = 17
COORDINATE:[027] = 18
COORDINATE:[028] = 19
COORDINATE:[029] = 20
COORDINATE:[030] = 21
COORDINATE:[031] = 22
COORDINATE:[032] = 23
COORDINATE:[033] = 24
COORDINATE:[034] = 25
COORDINATE:[035] = 26
COORDINATE:[036] = 27
COORDINATE:[037] = 28
COORDINATE:[038] = 29
COORDINATE:[039] = 30
COORDINATE:[040] = 31
COORDINATE:[041] = 32
COORDINATE:[042] = 33
COORDINATE:[043] = 34
COORDINATE:[044] = 35
COORDINATE:[045] = 36
COORDINATE:[046] = 37
COORDINATE:[047] = 38
COORDINATE:[048] = 39
COORDINATE:[049] = 40
COORDINATE:[050] = 41
COORDINATE:[051] = 42
COORDINATE:[052] = 43
COORDINATE:[053] = 44
COORDINATE:[054] = 45
COORDINATE:[055] = 46
COORDINATE:[056] = 47
COORDINATE:[057] = 48
COORDINATE:[058] = 49
COORDINATE:[059] = 50
COORDINATE:[060] = 51
COORDINATE:[061] = 52
COORDINATE:[062] = 53
COORDINATE:[063] = 54
COORDINATE:[064] = 55
COORDINATE:[065] = 56
COORDINATE:[066] = 57
COORDINATE:[067] = 58
COORDINATE:[068] = 59
COORDINATE:[069] = 60
COORDINATE:[070] = 61
COORDINATE:[071] = 62
COORDINATE:[072] = 63
COORDINATE:[073] = 64
COORDINATE:[074] = 65
COORDINATE:[075] = 66
COORDINATE:[076] = 67
COORDINATE:[077] = 68
COORDINATE:[078] = 69
COORDINATE:[079] = 70
COORDINATE:[080] = 71
COORDINATE:[081] = 72
COORDINATE:[082] = 73
COORDINATE:[083] = 74
COORDINATE:[084] = 75
COORDINATE:[085] = 76
COORDINATE:[086] = 77
COORDINATE:[087] = 78
COORDINATE:[088] = 79
COORDINATE:[089] = 80
COORDINATE:[090] = 81
COORDINATE:[091] = 82
COORDINATE:[092] = 83
COORDINATE:[093] = 84
COORDINATE:[094] = 85
COORDINATE:[095] = 86
COORDINATE:[096] = 87
COORDINATE:[097] = 88
COORDINATE:[098] = 89
COORDINATE:[099] = 90
COORDINATE:[100] = 91
COORDINATE:[101] = 92
COORDINATE:[102] = 93
COORDINATE:[103] = 94
COORDINATE:[104] = 95
COORDINATE:[105] = 96
COORDINATE:[106] = 97
COORDINATE:[107] = 98
COORDINATE:[108] = 99
