Coordinates{xCoordinates=[-106, -105, -104, -103, -102, -101, -100, -99, -98, -97, -96, -95], yCoordinates=[12, 13, 14, 15, 16, 17, 18, 19, 20, 21, 22], widestCoordinateString=4}