[109, |__, |__, |__, |__, |__, |
, 108, |__, |__, |__, |__, |__, |
, 107, |__, |__, |__, |__, |__, |
, 106, |__, |__, |__, |__, |__, |
, 105, |__, |__, |__, |__, |__, |
, 104, |__, |__, |__, |__, |__, |
]