[1009, |__, |__, |__, |__, |__, |
, 1008, |__, |__, |__, |__, |__, |
, 1007, |__, |__, |__, |__, |__, |
, 1006, |__, |__, |__, |__, |__, |
, 1005, |__, |__, |__, |__, |__, |
, 1004, |__, |__, |__, |__, |__, |
]