[19, |__, |__, |__, |__, |__, |
, 18, |__, |__, |__, |__, |__, |
, 17, |__, |__, |__, |__, |__, |
, 16, |__, |__, |__, |__, |__, |
, 15, |__, |__, |__, |__, |__, |
, 14, |__, |__, |__, |__, |__, |
]