[ 9, |__, |__, |__, |__, |__, |
,  8, |__, |__, |__, |__, |__, |
,  7, |__, |__, |__, |__, |__, |
,  6, |__, |__, |__, |__, |__, |
,  5, |__, |__, |__, |__, |__, |
,  4, |__, |__, |__, |__, |__, |
]