[0, 0] => 
X    
     
     
     
      
[0, 1] => 
X    
X    
     
     
      
[0, 2] => 
X    
     
X    
     
      
[0, 3] => 
X    
     
     
X    
      
[0, 4] => 
X    
     
     
     
X     
[1, 0] => 
XX   
     
     
     
      
[1, 1] => 
 X   
X    
     
     
      
[1, 2] => 
 X   
     
X    
     
      
[1, 3] => 
 X   
     
     
X    
      
[1, 4] => 
 X   
     
     
     
X     
[2, 0] => 
X X  
     
     
     
      
[2, 1] => 
  X  
X    
     
     
      
[2, 2] => 
  X  
     
X    
     
      
[2, 3] => 
  X  
     
     
X    
      
[2, 4] => 
  X  
     
     
     
X     
[3, 0] => 
X  X 
     
     
     
      
[3, 1] => 
   X 
X    
     
     
      
[3, 2] => 
   X 
     
X    
     
      
[3, 3] => 
   X 
     
     
X    
      
[3, 4] => 
   X 
     
     
     
X     
[4, 0] => 
X   X
     
     
     
      
[4, 1] => 
    X
X    
     
     
      
[4, 2] => 
    X
     
X    
     
      
[4, 3] => 
    X
     
     
X    
      
[4, 4] => 
    X
     
     
     
X     
