[0] = inputCells: []
	 Height:5
	 Width:5
	 Upper Left Coordinates: (0, 5)
[1] = inputCells: [[1,4]]
	 Height:5
	 Width:5
	 Upper Left Coordinates: (1, 4)
[2] = inputCells: [[-1,-4]]
	 Height:5
	 Width:5
	 Upper Left Coordinates: (-1, -4)
[3] = inputCells: [[-2,-5], [1,3]]
	 Height:8
	 Width:5
	 Upper Left Coordinates: (-2, 3)
[4] = inputCells: [[-4,6], [2,8]]
	 Height:5
	 Width:6
	 Upper Left Coordinates: (-4, 8)
[5] = inputCells: [[2,4], [-1,8], [23,13], [-4,-1]]
	 Height:14
	 Width:27
	 Upper Left Coordinates: (-4, 13)
