Boards[0] = 
X    
     
     
     
     
Boards[1] = 
XXX  
X X  
XXX  
     
     
Boards[2] = 
XXXXX
X   X
X   X
X   X
XXXXX
