    0  1  2  3  4 
 5|__|__|__|__|__|
 4|__|__|__|__|__|
 3|__|__|__|__|__|
 2|__|__|__|__|__|
 1|__|__|__|__|__|
