Start: 
 __ __ __ __ __ 
|X_|__|__|__|__|
|__|__|__|__|__|
|__|__|__|__|__|
|__|__|__|__|__|
|__|__|__|__|__|

End: 
 __ __ __ __ __ 
|__|__|__|__|__|
|__|__|__|__|__|
|__|__|__|__|__|
|__|__|__|__|__|
|__|__|__|__|__|
