   -1  0  1  2  3
 0|X_|X_|__|__|__|
-1|X_|__|__|__|__|
-2|__|__|__|__|__|
-3|__|__|__|__|__|
-4|__|__|__|__|__|


   -1  0  1  2  3
 0|X_|X_|__|__|__|
-1|X_|__|__|__|__|
-2|__|__|__|__|__|
-3|__|__|__|__|__|
-4|__|__|__|__|__|

