[0] => 
 Select cells with 0 neighbours
	[[0,0]] => [[0,0]]
 
[1] => 
 Select cells with 1 neighbours
	[[0,0], [-1,-1]] => [[0,0], [-1,-1]]
	[[0,0], [-1,0]] => [[0,0], [-1,0]]
	[[0,0], [-1,1]] => [[0,0], [-1,1]]
	[[0,0], [0,-1]] => [[0,0], [0,-1]]
	[[0,0], [0,1]] => [[0,0], [0,1]]
	[[0,0], [1,-1]] => [[0,0], [1,-1]]
	[[0,0], [1,0]] => [[0,0], [1,0]]
	[[0,0], [1,1]] => [[0,0], [1,1]]
 
[2] => 
 Select cells with 2 neighbours
	[[0,0], [-1,-1], [-1,0]] => [[0,0], [-1,-1], [-1,0]]
	[[0,0], [-1,-1], [-1,1]] => [[0,0]]
	[[0,0], [-1,0], [-1,1]] => [[0,0], [-1,0], [-1,1]]
	[[0,0], [-1,-1], [0,-1]] => [[0,0], [-1,-1], [0,-1]]
	[[0,0], [-1,0], [0,-1]] => [[0,0], [-1,0], [0,-1]]
	[[0,0], [-1,1], [0,-1]] => [[0,0]]
	[[0,0], [-1,-1], [0,1]] => [[0,0]]
	[[0,0], [-1,0], [0,1]] => [[0,0], [-1,0], [0,1]]
	[[0,0], [-1,1], [0,1]] => [[0,0], [-1,1], [0,1]]
	[[0,0], [0,-1], [0,1]] => [[0,0]]
	[[0,0], [-1,-1], [1,-1]] => [[0,0]]
	[[0,0], [-1,0], [1,-1]] => [[0,0]]
	[[0,0], [-1,1], [1,-1]] => [[0,0]]
	[[0,0], [0,-1], [1,-1]] => [[0,0], [0,-1], [1,-1]]
	[[0,0], [0,1], [1,-1]] => [[0,0]]
	[[0,0], [-1,-1], [1,0]] => [[0,0]]
	[[0,0], [-1,0], [1,0]] => [[0,0]]
	[[0,0], [-1,1], [1,0]] => [[0,0]]
	[[0,0], [0,-1], [1,0]] => [[0,0], [0,-1], [1,0]]
	[[0,0], [0,1], [1,0]] => [[0,0], [0,1], [1,0]]
	[[0,0], [1,-1], [1,0]] => [[0,0], [1,-1], [1,0]]
	[[0,0], [-1,-1], [1,1]] => [[0,0]]
	[[0,0], [-1,0], [1,1]] => [[0,0]]
	[[0,0], [-1,1], [1,1]] => [[0,0]]
	[[0,0], [0,-1], [1,1]] => [[0,0]]
	[[0,0], [0,1], [1,1]] => [[0,0], [0,1], [1,1]]
	[[0,0], [1,-1], [1,1]] => [[0,0]]
	[[0,0], [1,0], [1,1]] => [[0,0], [1,0], [1,1]]
 
[3] => 
 Select cells with 3 neighbours
	[[0,0], [-1,-1], [-1,0], [-1,1]] => [[0,0], [-1,0]]
	[[0,0], [-1,-1], [-1,0], [0,-1]] => [[0,0], [-1,-1], [-1,0], [0,-1]]
	[[0,0], [-1,-1], [-1,1], [0,-1]] => [[0,0]]
	[[0,0], [-1,0], [-1,1], [0,-1]] => [[0,0], [-1,0]]
	[[0,0], [-1,-1], [-1,0], [0,1]] => [[0,0], [-1,0]]
	[[0,0], [-1,-1], [-1,1], [0,1]] => [[0,0]]
	[[0,0], [-1,0], [-1,1], [0,1]] => [[0,0], [-1,0], [-1,1], [0,1]]
	[[0,0], [-1,-1], [0,-1], [0,1]] => [[0,0]]
	[[0,0], [-1,0], [0,-1], [0,1]] => [[0,0], [-1,0]]
	[[0,0], [-1,1], [0,-1], [0,1]] => [[0,0]]
	[[0,0], [-1,-1], [-1,0], [1,-1]] => [[0,0]]
	[[0,0], [-1,-1], [-1,1], [1,-1]] => [[0,0]]
	[[0,0], [-1,0], [-1,1], [1,-1]] => [[0,0]]
	[[0,0], [-1,-1], [0,-1], [1,-1]] => [[0,0], [0,-1]]
	[[0,0], [-1,0], [0,-1], [1,-1]] => [[0,0], [0,-1]]
	[[0,0], [-1,1], [0,-1], [1,-1]] => [[0,0]]
	[[0,0], [-1,-1], [0,1], [1,-1]] => [[0,0]]
	[[0,0], [-1,0], [0,1], [1,-1]] => [[0,0]]
	[[0,0], [-1,1], [0,1], [1,-1]] => [[0,0]]
	[[0,0], [0,-1], [0,1], [1,-1]] => [[0,0]]
	[[0,0], [-1,-1], [-1,0], [1,0]] => [[0,0]]
	[[0,0], [-1,-1], [-1,1], [1,0]] => [[0,0]]
	[[0,0], [-1,0], [-1,1], [1,0]] => [[0,0]]
	[[0,0], [-1,-1], [0,-1], [1,0]] => [[0,0], [0,-1]]
	[[0,0], [-1,0], [0,-1], [1,0]] => [[0,0], [0,-1]]
	[[0,0], [-1,1], [0,-1], [1,0]] => [[0,0]]
	[[0,0], [-1,-1], [0,1], [1,0]] => [[0,0]]
	[[0,0], [-1,0], [0,1], [1,0]] => [[0,0], [0,1]]
	[[0,0], [-1,1], [0,1], [1,0]] => [[0,0], [0,1]]
	[[0,0], [0,-1], [0,1], [1,0]] => [[0,0], [1,0]]
	[[0,0], [-1,-1], [1,-1], [1,0]] => [[0,0]]
	[[0,0], [-1,0], [1,-1], [1,0]] => [[0,0]]
	[[0,0], [-1,1], [1,-1], [1,0]] => [[0,0]]
	[[0,0], [0,-1], [1,-1], [1,0]] => [[0,0], [0,-1], [1,-1], [1,0]]
	[[0,0], [0,1], [1,-1], [1,0]] => [[0,0], [1,0]]
	[[0,0], [-1,-1], [-1,0], [1,1]] => [[0,0]]
	[[0,0], [-1,-1], [-1,1], [1,1]] => [[0,0]]
	[[0,0], [-1,0], [-1,1], [1,1]] => [[0,0]]
	[[0,0], [-1,-1], [0,-1], [1,1]] => [[0,0]]
	[[0,0], [-1,0], [0,-1], [1,1]] => [[0,0]]
	[[0,0], [-1,1], [0,-1], [1,1]] => [[0,0]]
	[[0,0], [-1,-1], [0,1], [1,1]] => [[0,0]]
	[[0,0], [-1,0], [0,1], [1,1]] => [[0,0], [0,1]]
	[[0,0], [-1,1], [0,1], [1,1]] => [[0,0], [0,1]]
	[[0,0], [0,-1], [0,1], [1,1]] => [[0,0]]
	[[0,0], [-1,-1], [1,-1], [1,1]] => [[0,0]]
	[[0,0], [-1,0], [1,-1], [1,1]] => [[0,0]]
	[[0,0], [-1,1], [1,-1], [1,1]] => [[0,0]]
	[[0,0], [0,-1], [1,-1], [1,1]] => [[0,0]]
	[[0,0], [0,1], [1,-1], [1,1]] => [[0,0]]
	[[0,0], [-1,-1], [1,0], [1,1]] => [[0,0]]
	[[0,0], [-1,0], [1,0], [1,1]] => [[0,0]]
	[[0,0], [-1,1], [1,0], [1,1]] => [[0,0]]
	[[0,0], [0,-1], [1,0], [1,1]] => [[0,0], [1,0]]
	[[0,0], [0,1], [1,0], [1,1]] => [[0,0], [0,1], [1,0], [1,1]]
	[[0,0], [1,-1], [1,0], [1,1]] => [[0,0], [1,0]]
 
[4] => 
 Select cells with 4 neighbours
	[[0,0], [-1,-1], [-1,0], [-1,1], [0,-1]] => [[0,0], [-1,0]]
	[[0,0], [-1,-1], [-1,0], [-1,1], [0,1]] => [[0,0], [-1,0]]
	[[0,0], [-1,-1], [-1,0], [0,-1], [0,1]] => [[0,0], [-1,0]]
	[[0,0], [-1,-1], [-1,1], [0,-1], [0,1]] => [[0,0]]
	[[0,0], [-1,0], [-1,1], [0,-1], [0,1]] => [[0,0], [-1,0]]
	[[0,0], [-1,-1], [-1,0], [-1,1], [1,-1]] => [[0,0]]
	[[0,0], [-1,-1], [-1,0], [0,-1], [1,-1]] => [[0,0], [0,-1]]
	[[0,0], [-1,-1], [-1,1], [0,-1], [1,-1]] => [[0,0]]
	[[0,0], [-1,0], [-1,1], [0,-1], [1,-1]] => [[0,0]]
	[[0,0], [-1,-1], [-1,0], [0,1], [1,-1]] => [[0,0]]
	[[0,0], [-1,-1], [-1,1], [0,1], [1,-1]] => [[0,0]]
	[[0,0], [-1,0], [-1,1], [0,1], [1,-1]] => [[0,0]]
	[[0,0], [-1,-1], [0,-1], [0,1], [1,-1]] => [[0,0]]
	[[0,0], [-1,0], [0,-1], [0,1], [1,-1]] => [[0,0]]
	[[0,0], [-1,1], [0,-1], [0,1], [1,-1]] => [[0,0]]
	[[0,0], [-1,-1], [-1,0], [-1,1], [1,0]] => [[0,0]]
	[[0,0], [-1,-1], [-1,0], [0,-1], [1,0]] => [[0,0], [0,-1]]
	[[0,0], [-1,-1], [-1,1], [0,-1], [1,0]] => [[0,0]]
	[[0,0], [-1,0], [-1,1], [0,-1], [1,0]] => [[0,0]]
	[[0,0], [-1,-1], [-1,0], [0,1], [1,0]] => [[0,0]]
	[[0,0], [-1,-1], [-1,1], [0,1], [1,0]] => [[0,0]]
	[[0,0], [-1,0], [-1,1], [0,1], [1,0]] => [[0,0], [0,1]]
	[[0,0], [-1,-1], [0,-1], [0,1], [1,0]] => [[0,0]]
	[[0,0], [-1,0], [0,-1], [0,1], [1,0]] => [[0,0]]
	[[0,0], [-1,1], [0,-1], [0,1], [1,0]] => [[0,0]]
	[[0,0], [-1,-1], [-1,0], [1,-1], [1,0]] => [[0,0]]
	[[0,0], [-1,-1], [-1,1], [1,-1], [1,0]] => [[0,0]]
	[[0,0], [-1,0], [-1,1], [1,-1], [1,0]] => [[0,0]]
	[[0,0], [-1,-1], [0,-1], [1,-1], [1,0]] => [[0,0], [0,-1]]
	[[0,0], [-1,0], [0,-1], [1,-1], [1,0]] => [[0,0], [0,-1]]
	[[0,0], [-1,1], [0,-1], [1,-1], [1,0]] => [[0,0]]
	[[0,0], [-1,-1], [0,1], [1,-1], [1,0]] => [[0,0]]
	[[0,0], [-1,0], [0,1], [1,-1], [1,0]] => [[0,0]]
	[[0,0], [-1,1], [0,1], [1,-1], [1,0]] => [[0,0]]
	[[0,0], [0,-1], [0,1], [1,-1], [1,0]] => [[0,0], [1,0]]
	[[0,0], [-1,-1], [-1,0], [-1,1], [1,1]] => [[0,0]]
	[[0,0], [-1,-1], [-1,0], [0,-1], [1,1]] => [[0,0]]
	[[0,0], [-1,-1], [-1,1], [0,-1], [1,1]] => [[0,0]]
	[[0,0], [-1,0], [-1,1], [0,-1], [1,1]] => [[0,0]]
	[[0,0], [-1,-1], [-1,0], [0,1], [1,1]] => [[0,0]]
	[[0,0], [-1,-1], [-1,1], [0,1], [1,1]] => [[0,0]]
	[[0,0], [-1,0], [-1,1], [0,1], [1,1]] => [[0,0], [0,1]]
	[[0,0], [-1,-1], [0,-1], [0,1], [1,1]] => [[0,0]]
	[[0,0], [-1,0], [0,-1], [0,1], [1,1]] => [[0,0]]
	[[0,0], [-1,1], [0,-1], [0,1], [1,1]] => [[0,0]]
	[[0,0], [-1,-1], [-1,0], [1,-1], [1,1]] => [[0,0]]
	[[0,0], [-1,-1], [-1,1], [1,-1], [1,1]] => [[0,0]]
	[[0,0], [-1,0], [-1,1], [1,-1], [1,1]] => [[0,0]]
	[[0,0], [-1,-1], [0,-1], [1,-1], [1,1]] => [[0,0]]
	[[0,0], [-1,0], [0,-1], [1,-1], [1,1]] => [[0,0]]
	[[0,0], [-1,1], [0,-1], [1,-1], [1,1]] => [[0,0]]
	[[0,0], [-1,-1], [0,1], [1,-1], [1,1]] => [[0,0]]
	[[0,0], [-1,0], [0,1], [1,-1], [1,1]] => [[0,0]]
	[[0,0], [-1,1], [0,1], [1,-1], [1,1]] => [[0,0]]
	[[0,0], [0,-1], [0,1], [1,-1], [1,1]] => [[0,0]]
	[[0,0], [-1,-1], [-1,0], [1,0], [1,1]] => [[0,0]]
	[[0,0], [-1,-1], [-1,1], [1,0], [1,1]] => [[0,0]]
	[[0,0], [-1,0], [-1,1], [1,0], [1,1]] => [[0,0]]
	[[0,0], [-1,-1], [0,-1], [1,0], [1,1]] => [[0,0]]
	[[0,0], [-1,0], [0,-1], [1,0], [1,1]] => [[0,0]]
	[[0,0], [-1,1], [0,-1], [1,0], [1,1]] => [[0,0]]
	[[0,0], [-1,-1], [0,1], [1,0], [1,1]] => [[0,0]]
	[[0,0], [-1,0], [0,1], [1,0], [1,1]] => [[0,0], [0,1]]
	[[0,0], [-1,1], [0,1], [1,0], [1,1]] => [[0,0], [0,1]]
	[[0,0], [0,-1], [0,1], [1,0], [1,1]] => [[0,0], [1,0]]
	[[0,0], [-1,-1], [1,-1], [1,0], [1,1]] => [[0,0]]
	[[0,0], [-1,0], [1,-1], [1,0], [1,1]] => [[0,0]]
	[[0,0], [-1,1], [1,-1], [1,0], [1,1]] => [[0,0]]
	[[0,0], [0,-1], [1,-1], [1,0], [1,1]] => [[0,0], [1,0]]
	[[0,0], [0,1], [1,-1], [1,0], [1,1]] => [[0,0], [1,0]]
 
[5] => 
 Select cells with 5 neighbours
	[[0,0], [-1,-1], [-1,0], [-1,1], [0,-1], [0,1]] => [[0,0], [-1,0]]
	[[0,0], [-1,-1], [-1,0], [-1,1], [0,-1], [1,-1]] => [[0,0]]
	[[0,0], [-1,-1], [-1,0], [-1,1], [0,1], [1,-1]] => [[0,0]]
	[[0,0], [-1,-1], [-1,0], [0,-1], [0,1], [1,-1]] => [[0,0]]
	[[0,0], [-1,-1], [-1,1], [0,-1], [0,1], [1,-1]] => [[0,0]]
	[[0,0], [-1,0], [-1,1], [0,-1], [0,1], [1,-1]] => [[0,0]]
	[[0,0], [-1,-1], [-1,0], [-1,1], [0,-1], [1,0]] => [[0,0]]
	[[0,0], [-1,-1], [-1,0], [-1,1], [0,1], [1,0]] => [[0,0]]
	[[0,0], [-1,-1], [-1,0], [0,-1], [0,1], [1,0]] => [[0,0]]
	[[0,0], [-1,-1], [-1,1], [0,-1], [0,1], [1,0]] => [[0,0]]
	[[0,0], [-1,0], [-1,1], [0,-1], [0,1], [1,0]] => [[0,0]]
	[[0,0], [-1,-1], [-1,0], [-1,1], [1,-1], [1,0]] => [[0,0]]
	[[0,0], [-1,-1], [-1,0], [0,-1], [1,-1], [1,0]] => [[0,0], [0,-1]]
	[[0,0], [-1,-1], [-1,1], [0,-1], [1,-1], [1,0]] => [[0,0]]
	[[0,0], [-1,0], [-1,1], [0,-1], [1,-1], [1,0]] => [[0,0]]
	[[0,0], [-1,-1], [-1,0], [0,1], [1,-1], [1,0]] => [[0,0]]
	[[0,0], [-1,-1], [-1,1], [0,1], [1,-1], [1,0]] => [[0,0]]
	[[0,0], [-1,0], [-1,1], [0,1], [1,-1], [1,0]] => [[0,0]]
	[[0,0], [-1,-1], [0,-1], [0,1], [1,-1], [1,0]] => [[0,0]]
	[[0,0], [-1,0], [0,-1], [0,1], [1,-1], [1,0]] => [[0,0]]
	[[0,0], [-1,1], [0,-1], [0,1], [1,-1], [1,0]] => [[0,0]]
	[[0,0], [-1,-1], [-1,0], [-1,1], [0,-1], [1,1]] => [[0,0]]
	[[0,0], [-1,-1], [-1,0], [-1,1], [0,1], [1,1]] => [[0,0]]
	[[0,0], [-1,-1], [-1,0], [0,-1], [0,1], [1,1]] => [[0,0]]
	[[0,0], [-1,-1], [-1,1], [0,-1], [0,1], [1,1]] => [[0,0]]
	[[0,0], [-1,0], [-1,1], [0,-1], [0,1], [1,1]] => [[0,0]]
	[[0,0], [-1,-1], [-1,0], [-1,1], [1,-1], [1,1]] => [[0,0]]
	[[0,0], [-1,-1], [-1,0], [0,-1], [1,-1], [1,1]] => [[0,0]]
	[[0,0], [-1,-1], [-1,1], [0,-1], [1,-1], [1,1]] => [[0,0]]
	[[0,0], [-1,0], [-1,1], [0,-1], [1,-1], [1,1]] => [[0,0]]
	[[0,0], [-1,-1], [-1,0], [0,1], [1,-1], [1,1]] => [[0,0]]
	[[0,0], [-1,-1], [-1,1], [0,1], [1,-1], [1,1]] => [[0,0]]
	[[0,0], [-1,0], [-1,1], [0,1], [1,-1], [1,1]] => [[0,0]]
	[[0,0], [-1,-1], [0,-1], [0,1], [1,-1], [1,1]] => [[0,0]]
	[[0,0], [-1,0], [0,-1], [0,1], [1,-1], [1,1]] => [[0,0]]
	[[0,0], [-1,1], [0,-1], [0,1], [1,-1], [1,1]] => [[0,0]]
	[[0,0], [-1,-1], [-1,0], [-1,1], [1,0], [1,1]] => [[0,0]]
	[[0,0], [-1,-1], [-1,0], [0,-1], [1,0], [1,1]] => [[0,0]]
	[[0,0], [-1,-1], [-1,1], [0,-1], [1,0], [1,1]] => [[0,0]]
	[[0,0], [-1,0], [-1,1], [0,-1], [1,0], [1,1]] => [[0,0]]
	[[0,0], [-1,-1], [-1,0], [0,1], [1,0], [1,1]] => [[0,0]]
	[[0,0], [-1,-1], [-1,1], [0,1], [1,0], [1,1]] => [[0,0]]
	[[0,0], [-1,0], [-1,1], [0,1], [1,0], [1,1]] => [[0,0], [0,1]]
	[[0,0], [-1,-1], [0,-1], [0,1], [1,0], [1,1]] => [[0,0]]
	[[0,0], [-1,0], [0,-1], [0,1], [1,0], [1,1]] => [[0,0]]
	[[0,0], [-1,1], [0,-1], [0,1], [1,0], [1,1]] => [[0,0]]
	[[0,0], [-1,-1], [-1,0], [1,-1], [1,0], [1,1]] => [[0,0]]
	[[0,0], [-1,-1], [-1,1], [1,-1], [1,0], [1,1]] => [[0,0]]
	[[0,0], [-1,0], [-1,1], [1,-1], [1,0], [1,1]] => [[0,0]]
	[[0,0], [-1,-1], [0,-1], [1,-1], [1,0], [1,1]] => [[0,0]]
	[[0,0], [-1,0], [0,-1], [1,-1], [1,0], [1,1]] => [[0,0]]
	[[0,0], [-1,1], [0,-1], [1,-1], [1,0], [1,1]] => [[0,0]]
	[[0,0], [-1,-1], [0,1], [1,-1], [1,0], [1,1]] => [[0,0]]
	[[0,0], [-1,0], [0,1], [1,-1], [1,0], [1,1]] => [[0,0]]
	[[0,0], [-1,1], [0,1], [1,-1], [1,0], [1,1]] => [[0,0]]
	[[0,0], [0,-1], [0,1], [1,-1], [1,0], [1,1]] => [[0,0], [1,0]]
 
[6] => 
 Select cells with 6 neighbours
	[[0,0], [-1,-1], [-1,0], [-1,1], [0,-1], [0,1], [1,-1]] => [[0,0]]
	[[0,0], [-1,-1], [-1,0], [-1,1], [0,-1], [0,1], [1,0]] => [[0,0]]
	[[0,0], [-1,-1], [-1,0], [-1,1], [0,-1], [1,-1], [1,0]] => [[0,0]]
	[[0,0], [-1,-1], [-1,0], [-1,1], [0,1], [1,-1], [1,0]] => [[0,0]]
	[[0,0], [-1,-1], [-1,0], [0,-1], [0,1], [1,-1], [1,0]] => [[0,0]]
	[[0,0], [-1,-1], [-1,1], [0,-1], [0,1], [1,-1], [1,0]] => [[0,0]]
	[[0,0], [-1,0], [-1,1], [0,-1], [0,1], [1,-1], [1,0]] => [[0,0]]
	[[0,0], [-1,-1], [-1,0], [-1,1], [0,-1], [0,1], [1,1]] => [[0,0]]
	[[0,0], [-1,-1], [-1,0], [-1,1], [0,-1], [1,-1], [1,1]] => [[0,0]]
	[[0,0], [-1,-1], [-1,0], [-1,1], [0,1], [1,-1], [1,1]] => [[0,0]]
	[[0,0], [-1,-1], [-1,0], [0,-1], [0,1], [1,-1], [1,1]] => [[0,0]]
	[[0,0], [-1,-1], [-1,1], [0,-1], [0,1], [1,-1], [1,1]] => [[0,0]]
	[[0,0], [-1,0], [-1,1], [0,-1], [0,1], [1,-1], [1,1]] => [[0,0]]
	[[0,0], [-1,-1], [-1,0], [-1,1], [0,-1], [1,0], [1,1]] => [[0,0]]
	[[0,0], [-1,-1], [-1,0], [-1,1], [0,1], [1,0], [1,1]] => [[0,0]]
	[[0,0], [-1,-1], [-1,0], [0,-1], [0,1], [1,0], [1,1]] => [[0,0]]
	[[0,0], [-1,-1], [-1,1], [0,-1], [0,1], [1,0], [1,1]] => [[0,0]]
	[[0,0], [-1,0], [-1,1], [0,-1], [0,1], [1,0], [1,1]] => [[0,0]]
	[[0,0], [-1,-1], [-1,0], [-1,1], [1,-1], [1,0], [1,1]] => [[0,0]]
	[[0,0], [-1,-1], [-1,0], [0,-1], [1,-1], [1,0], [1,1]] => [[0,0]]
	[[0,0], [-1,-1], [-1,1], [0,-1], [1,-1], [1,0], [1,1]] => [[0,0]]
	[[0,0], [-1,0], [-1,1], [0,-1], [1,-1], [1,0], [1,1]] => [[0,0]]
	[[0,0], [-1,-1], [-1,0], [0,1], [1,-1], [1,0], [1,1]] => [[0,0]]
	[[0,0], [-1,-1], [-1,1], [0,1], [1,-1], [1,0], [1,1]] => [[0,0]]
	[[0,0], [-1,0], [-1,1], [0,1], [1,-1], [1,0], [1,1]] => [[0,0]]
	[[0,0], [-1,-1], [0,-1], [0,1], [1,-1], [1,0], [1,1]] => [[0,0]]
	[[0,0], [-1,0], [0,-1], [0,1], [1,-1], [1,0], [1,1]] => [[0,0]]
	[[0,0], [-1,1], [0,-1], [0,1], [1,-1], [1,0], [1,1]] => [[0,0]]
 
[7] => 
 Select cells with 7 neighbours
	[[0,0], [-1,-1], [-1,0], [-1,1], [0,-1], [0,1], [1,-1], [1,0]] => [[0,0]]
	[[0,0], [-1,-1], [-1,0], [-1,1], [0,-1], [0,1], [1,-1], [1,1]] => [[0,0]]
	[[0,0], [-1,-1], [-1,0], [-1,1], [0,-1], [0,1], [1,0], [1,1]] => [[0,0]]
	[[0,0], [-1,-1], [-1,0], [-1,1], [0,-1], [1,-1], [1,0], [1,1]] => [[0,0]]
	[[0,0], [-1,-1], [-1,0], [-1,1], [0,1], [1,-1], [1,0], [1,1]] => [[0,0]]
	[[0,0], [-1,-1], [-1,0], [0,-1], [0,1], [1,-1], [1,0], [1,1]] => [[0,0]]
	[[0,0], [-1,-1], [-1,1], [0,-1], [0,1], [1,-1], [1,0], [1,1]] => [[0,0]]
	[[0,0], [-1,0], [-1,1], [0,-1], [0,1], [1,-1], [1,0], [1,1]] => [[0,0]]
 
[8] => 
 Select cells with 8 neighbours
	[[0,0], [-1,-1], [-1,0], [-1,1], [0,-1], [0,1], [1,-1], [1,0], [1,1]] => [[0,0]]
 
